// Jest Snapshot v1, https://goo.gl/fbAQLP

exports[`TodoForm test suite Edit tests should render the component initially 1`] = `
Object {
  "asFragment": [Function],
  "baseElement": <body>
    <div>
      <form>
        <div
          class="form-group"
        >
          <label
            for="todoDescription"
          >
            Description: 
          </label>
          <input
            class="form-control"
            name="todoDescription"
            placeholder="Todo description"
            type="text"
            value=""
          />
        </div>
        <div
          class="form-group"
        >
          <label
            for="todoDateCreated"
          >
            Created on: 
          </label>
          <span
            testid="dateCreated"
          >
            Date Created Component
          </span>
        </div>
        <div
          class="form-group"
        >
          <input
            class="btn btn-danger"
            disabled=""
            type="submit"
            value="Submit"
          />
        </div>
      </form>
    </div>
  </body>,
  "container": <div>
    <form>
      <div
        class="form-group"
      >
        <label
          for="todoDescription"
        >
          Description: 
        </label>
        <input
          class="form-control"
          name="todoDescription"
          placeholder="Todo description"
          type="text"
          value=""
        />
      </div>
      <div
        class="form-group"
      >
        <label
          for="todoDateCreated"
        >
          Created on: 
        </label>
        <span
          testid="dateCreated"
        >
          Date Created Component
        </span>
      </div>
      <div
        class="form-group"
      >
        <input
          class="btn btn-danger"
          disabled=""
          type="submit"
          value="Submit"
        />
      </div>
    </form>
  </div>,
  "debug": [Function],
  "findAllByAltText": [Function],
  "findAllByDisplayValue": [Function],
  "findAllByLabelText": [Function],
  "findAllByPlaceholderText": [Function],
  "findAllByRole": [Function],
  "findAllByTestId": [Function],
  "findAllByText": [Function],
  "findAllByTitle": [Function],
  "findByAltText": [Function],
  "findByDisplayValue": [Function],
  "findByLabelText": [Function],
  "findByPlaceholderText": [Function],
  "findByRole": [Function],
  "findByTestId": [Function],
  "findByText": [Function],
  "findByTitle": [Function],
  "getAllByAltText": [Function],
  "getAllByDisplayValue": [Function],
  "getAllByLabelText": [Function],
  "getAllByPlaceholderText": [Function],
  "getAllByRole": [Function],
  "getAllByTestId": [Function],
  "getAllByText": [Function],
  "getAllByTitle": [Function],
  "getByAltText": [Function],
  "getByDisplayValue": [Function],
  "getByLabelText": [Function],
  "getByPlaceholderText": [Function],
  "getByRole": [Function],
  "getByTestId": [Function],
  "getByText": [Function],
  "getByTitle": [Function],
  "queryAllByAltText": [Function],
  "queryAllByDisplayValue": [Function],
  "queryAllByLabelText": [Function],
  "queryAllByPlaceholderText": [Function],
  "queryAllByRole": [Function],
  "queryAllByTestId": [Function],
  "queryAllByText": [Function],
  "queryAllByTitle": [Function],
  "queryByAltText": [Function],
  "queryByDisplayValue": [Function],
  "queryByLabelText": [Function],
  "queryByPlaceholderText": [Function],
  "queryByRole": [Function],
  "queryByTestId": [Function],
  "queryByText": [Function],
  "queryByTitle": [Function],
  "rerender": [Function],
  "unmount": [Function],
}
`;
